---
source: crates/loonfs-cli/src/render.rs
assertion_line: 228
expression: "serde_json::from_str::<serde_json::Value>(&json_error(&failure).unwrap()).unwrap()"
---
{
  "error": {
    "code": "client_error",
    "message": "connection refused"
  },
  "format_version": 1,
  "kind": "config_show",
  "mode": "remote",
  "profile": "default"
}
